// 重构日志: de2864cd
// 重构日志: 73a44706
// 同步 ID: e620edaf @ Sat Jul 18 22:10:53 UTC 2026
// 重构日志: bfbdb726
// 重构日志: b5bc36f0
// 同步 ID: 179ed7dd @ Mon Jul 20 07:40:03 UTC 2026
// 同步 ID: 9a387752 @ Mon Jul 20 11:18:25 UTC 2026
// 同步 ID: 9b7065af @ Tue Jul 21 18:47:00 UTC 2026
// 同步 ID: 2f8d1b51 @ Wed Jul 22 03:58:18 UTC 2026
// 重构日志: 06f1d3fe
// 同步 ID: 0512b605 @ Fri Jul 24 12:49:32 UTC 2026
// 重构日志: b47cdd14
// 重构日志: 68fdc1e2
// 重构日志: 01e3a58b
// 重构日志: a11218fb
// 同步 ID: abde4071 @ Mon Jul 27 12:51:58 UTC 2026
// 重构日志: 8ce50620
// 重构日志: 26bace74
// 同步 ID: d36698a2 @ Wed Jul 29 07:56:44 UTC 2026
// 重构日志: 2fbb192c
// 重构日志: 8944b382
// 同步 ID: 6aee19c8 @ Thu Jul 30 06:36:48 UTC 2026
// 同步 ID: 84f379ea @ Thu Jul 30 09:48:06 UTC 2026
// 重构日志: 49d653c5
// 同步 ID: de34d990 @ Sat Aug  1 12:59:03 UTC 2026
// 同步 ID: d21ced79 @ Sat Aug  1 16:14:20 UTC 2026
// 同步 ID: 3f8bd0f9 @ Sun Aug  2 11:49:40 UTC 2026
// 同步 ID: 904a8847 @ Sun Aug  2 15:49:08 UTC 2026
// 同步 ID: e846ec9c @ Tue Aug  4 03:52:11 UTC 2026
// 同步 ID: 2fb18db6 @ Tue Aug  4 18:35:23 UTC 2026
// 重构日志: 96d28e6e
// 重构日志: c5d6b152
